src\DanhSachNhanVien.cpp: In member function 'int DanhSachNhanVien::chonNhanVienTheoMa() const':
src\DanhSachNhanVien.cpp:178:1: warning: control reaches end of non-void function [-Wreturn-type]
  178 | }
      | ^
